
[SUCCESS] /monitoring/v2/networks
Response Keys: count, networks
Object snapshot: {"count":4,"networks":[{"essid":"PTPN3-EXECUTIVE","security":"WPA2 Personal","type":"Employee"},{"essid":"PTPN3-GUEST","security":"Open","type":"Guest

[SUCCESS] /monitoring/v2/networks/bandwidth_usage?network=PTPN3-IT
Response Keys: count, interval, samples
Object snapshot: {"count":36,"interval":"5minutes","samples":[{"rx_data_bytes":23129003,"timestamp":1776309600,"tx_data_bytes":110223850},{"rx_data_bytes":31367374,"ti

[SUCCESS] /monitoring/v2/aps
Response Keys: aps, count
Sample item keys: ap_deployment_mode, ap_group, cluster_id, controller_name, firmware_version, gateway_cluster_id, gateway_cluster_name, group_name, ip_address, labels, last_modified, macaddr, mesh_role, model, name, notes, public_ip_address, radios, serial, site, sleep_status, status, subnet_mask, swarm_id, swarm_master, swarm_name

[SUCCESS] /monitoring/v2/bssids
Response Keys: aps, count
Sample item keys: macaddr, name, radio_bssids, serial, swarm_id

[SUCCESS] /monitoring/v2/aps/bandwidth_usage/topn
Response Keys: aps, count
Sample item keys: name, rx_data_bytes, serial, tx_data_bytes

[SUCCESS] /monitoring/v3/aps/bandwidth_usage
Response Keys: count, interval, samples
Object snapshot: {"count":36,"interval":"5minutes","samples":[{"rx_data_bytes":1385927066,"timestamp":1776309600,"tx_data_bytes":6622938434},{"rx_data_bytes":142729871

[SUCCESS] /monitoring/v1/clients/wireless
Response Keys: clients, count, last_client_mac
Sample item keys: associated_device, associated_device_mac, associated_device_name, authentication_type, band, channel, client_category, client_type, connected_device_type, connection, encryption_method, failure_stage, gateway_serial, group_id, group_name, health, hostname, ht_type, ip_address, label_id, labels, last_connection_time, macaddr, manufacturer, maxspeed, name, network, os_type, phy_type, radio_mac, radio_number, signal_db, signal_strength, site, snr, speed, usage, user_role, username, vlan

[SUCCESS] /monitoring/v1/clients/wired
Response Keys: clients, count, last_client_mac
Sample item keys: associated_device, associated_device_mac, associated_device_name, authentication_type, band, channel, client_category, client_type, connected_device_type, connection, encryption_method, failure_stage, group_id, group_name, hostname, interface_mac, interface_port, label_id, labels, last_connection_time, macaddr, manufacturer, name, network, os_type, signal_db, site, snr, speed, user_role, username, vlan

[SUCCESS] /monitoring/v2/clients?timerange=3H&client_type=WIRELESS&client_status=CONNECTED
Response Keys: clients, count, last_client_mac
Sample item keys: associated_device, associated_device_mac, associated_device_name, authentication_type, band, channel, client_category, client_type, connected_device_type, connection, encryption_method, failure_stage, gateway_serial, group_id, group_name, health, hostname, ht_type, ip_address, label_id, labels, last_connection_time, macaddr, maxspeed, name, network, os_type, phy_type, radio_mac, radio_number, site, snr, speed, user_role, username, vlan

[SUCCESS] /monitoring/v1/clients/bandwidth_usage
Response Keys: count, interval, samples
Object snapshot: {"count":36,"interval":"5minutes","samples":[{"rx_data_bytes":16437006417,"timestamp":1776309600,"tx_data_bytes":12222903787},{"rx_data_bytes":1561751

[SUCCESS] /monitoring/v1/clients/bandwidth_usage/topn
Response Keys: clients, count
Sample item keys: macaddr, name, rx_data_bytes, tx_data_bytes

[SUCCESS] /monitoring/v1/clients/count
Response Keys: count, interval, samples
Object snapshot: {"count":36,"interval":"5minutes","samples":[{"client_count":485,"timestamp":1776309600},{"client_count":486,"timestamp":1776309900},{"client_count":4

[SUCCESS] /monitoring/v1/gateways
Response Keys: count, gateways
Sample item keys: cpu_utilization, device_type, firmware_backup_version, firmware_version, group_name, ip_address, labels, mac_range, macaddr, mem_free, mem_total, mode, model, name, reboot_reason, role, serial, site, status, uptime

[SUCCESS] /monitoring/v1/gateways/CNTYKLC03C?stats_metric=false
Response Keys: ap_count, cpu_utilization, device_type, firmware_backup_version, firmware_version, group_name, ip_address, is_firmware_version_supported, labels, labels_info, location, mac_range, macaddr, mem_free, mem_total, mm_hostname, mobility_master, mode, model, modem_info, name, notes, ntp_server_info, peers, poe_supported, public_ip, reboot_reason, recommended_version, redundancy_peer_hostname, redundancy_peer_sn, role, serial, site, site_info, status, uplinks, uptime, usage
Object snapshot: {"ap_count":0,"cpu_utilization":8,"device_type":"MC","firmware_backup_version":"10.4.1.2_89810","firmware_version":"10.4.1.9_93201","group_name":"PT P

[SUCCESS] /monitoring/v1/gateways/CNTYKLC03R?stats_metric=false
Response Keys: ap_count, cpu_utilization, device_type, firmware_backup_version, firmware_version, group_name, gw_cluster_id, gw_cluster_name, ip_address, is_firmware_version_supported, labels, labels_info, location, mac_range, macaddr, mem_free, mem_total, mm_hostname, mobility_master, mode, model, modem_info, name, notes, ntp_server_info, peers, poe_supported, public_ip, reboot_reason, recommended_version, redundancy_peer_hostname, redundancy_peer_sn, role, serial, site, site_info, status, uplinks, uptime, usage
Object snapshot: {"ap_count":0,"cpu_utilization":11,"device_type":"MC","firmware_backup_version":"10.4.1.2_89810","firmware_version":"10.4.1.9_93201","group_name":"PT 

[SUCCESS] /monitoring/v1/gateways/CNTYKLC03R/tunnels?timerange=3H
Response Keys: all_tunnels_count, lan_tunnels, total, total_lan_tunnels_count, tunnels
Object snapshot: {"all_tunnels_count":25,"lan_tunnels":[{"auth":"SHA2 256","availability":null,"avg_mos_score":null,"compression":"Disabled","connected_uptime":2570820

[SUCCESS] /monitoring/v1/gateways/CNTYKLC03C/tunnels?timerange=3H
Response Keys: all_tunnels_count, lan_tunnels, total, total_lan_tunnels_count, tunnels
Object snapshot: {"all_tunnels_count":25,"lan_tunnels":[{"auth":"SHA2 256","availability":null,"avg_mos_score":null,"compression":"Disabled","connected_uptime":1864166

[SUCCESS] /central/v1/labels
Response Keys: count, labels, total
Object snapshot: {"count":1,"labels":[{"associated_device_count":52,"category_id":2,"category_name":"Site","label_id":1,"label_name":"PT. PERKEBUNAN NUSANTARA III","si

[SUCCESS] /central/v2/sites
Response Keys: count, sites, total
Object snapshot: {"count":1,"sites":[{"address":"Gedung Agro Plaza. Jl. H.R Rasuna Said Kav. X2 No. 1","associated_device_count":52,"city":"South Jakarta","country":"I

[SUCCESS] /monitoring/v1/switches
Response Keys: count, switches
Sample item keys: cpu_utilization, firmware_version, group_id, group_name, ip_address, label_ids, labels, macaddr, mem_free, mem_total, model, name, public_ip_address, serial, site, site_id, stack_id, status, switch_type, uplink_ports, usage

[SUCCESS] /monitoring/v2/events?sort=-timestamp
Response Keys: count, events
Sample item keys: bssid, client_mac, description, device_mac, device_serial, device_type, event_type, event_uuid, group_name, has_rowdetail, hostname, labels, level, number, sites, timestamp, ts_ms

[SUCCESS] /branchhealth/v1/site?limit=10&column=device_total&order=desc
Response Keys: items, status_code, total
Object snapshot: {"items":[{"branch_cpu_high":0,"branch_device_status_down":0,"branch_device_status_up":2,"branch_mem_high":0,"cape_state":"","cape_state_dscr":"","cap
